// Jest Snapshot v1, https://goo.gl/fbAQLP

exports[`renders the app and displays correct values 1`] = `ReactWrapper {}`;

exports[`renders the app and displays correct values 2`] = `ReactWrapper {}`;
